// Jest Snapshot v1, https://goo.gl/fbAQLP

exports[`plugin renders correct CSS 1`] = `
"
      .test {
        line-height: 12.4px;
        font-size: 24px;
        font-family: Test Mono; 
      }
.test::after {
        content: '';
        margin-top: 0.0417em;
        display: table; 
}
.test::before {
        content: '';
        margin-bottom: -0.4583em;
        display: table; 
}"
`;
